create extension pg_readme cascade;
NOTICE:  installing required extension "hstore"
call test__pg_readme_pi_pseudo_attrs();
call test__pg_readme();
